>>> test-agent-registration.ps1

=== Register-Agent ===
  Testing: should return false when backend is unavailable [FAIL]
    Error: The term 'Emit-Log' is not recognized as the name of a cmdlet, function, script file, or operable program. Check the spelling of the name, or if a path was included, verify that the path is correct and try again.
  Testing: should format registration payload correctly [FAIL]
    Error: The term 'Emit-Log' is not recognized as the name of a cmdlet, function, script file, or operable program. Check the spelling of the name, or if a path was included, verify that the path is correct and try again.

=== Send-AgentHeartbeat ===
  Testing: should return false when backend is unavailable [PASS]
  Testing: should handle null CurrentRequirementId [PASS]

=== Start-HeartbeatJob and Stop-HeartbeatJob ===
  Testing: should start a background job [FAIL]
    Error: The term 'Emit-Log' is not recognized as the name of a cmdlet, function, script file, or operable program. Check the spelling of the name, or if a path was included, verify that the path is correct and try again.
  Testing: should stop the heartbeat job [FAIL]
    Error: The term 'Emit-Log' is not recognized as the name of a cmdlet, function, script file, or operable program. Check the spelling of the name, or if a path was included, verify that the path is correct and try again.
  Testing: should handle stopping null job gracefully [PASS]

=== Unregister-Agent ===
  Testing: should not throw when backend is unavailable [PASS]

=== Test Summary ===
Total:   8
Passed:  4
Failed:  4
Skipped: 0
Success Rate: 50%
False
>>> test-agent-state.ps1
>>> test-compat-utils.ps1
>>> test-config-loader.ps1

=== Get-ProjectPaths ===
  Testing: should compute all project paths [FAIL]
    Error: Expected 'C:\Test\Project\.felix\prompts' but got 'C:\dev\felix\.felix\core\..\prompts'. 

=== Test-ProjectStructure ===
  Testing: should return true for valid project [PASS]
  Testing: should return false for invalid project{"timestamp":"2026-03-16T15:31:51.5105085Z","data":{"message":"Required path not found: C:\\Users\\PG518JW\\AppData\\Local\\Temp\\test-project-1427308837\\specs","severity":"fatal","error_type":"InvalidProjectStructure"},"type":"error_occurred"}
{"timestamp":"2026-03-16T15:31:51.6308131Z","data":{"message":"This doesn\u0027t appear to be a valid Felix project","level":"warn","component":"config"},"type":"log"}
 [PASS]

=== Get-FelixConfig ===
  Testing: should load valid config file [PASS]
  Testing: should return null for missing config file{"timestamp":"2026-03-16T15:31:52.0231284Z","data":{"message":"Configuration file not found: nonexistent.json","severity":"fatal","error_type":"ConfigNotFound"},"type":"error_occurred"}
 [PASS]

=== Get-AgentsConfiguration ===
  Testing: should load existing agents.json [PASS]
  Testing: should create default agents.json if missing{"timestamp":"2026-03-16T15:31:52.3745615Z","data":{"message":"Creating default agents.json at: C:\\Users\\PG518JW\\AppData\\Local\\Temp\\test-felix-home-1317782126\\agents.json","level":"warn","component":"config"},"type":"log"}
 [PASS]

=== Get-AgentConfig ===
  Testing: should return correct agent by ID{"timestamp":"2026-03-16T15:31:52.7974089Z","data":{"message":"Using agent: agent-1 (Key: 1)","level":"info","component":"agent"},"type":"log"}
{"timestamp":"2026-03-16T15:31:52.7984093Z","data":{"message":"Executable: test1","level":"info","component":"agent"},"type":"log"}
 [PASS]
  Testing: should fallback to ID 0 for missing agent{"timestamp":"2026-03-16T15:31:52.8633075Z","data":{"message":"Agent ID 99 not found in agents.json. Falling back to first agent (droid)","level":"warn","component":"config"},"type":"log"}
{"timestamp":"2026-03-16T15:31:52.8734719Z","data":{"message":"Using agent: agent-0 (Key: )","level":"info","component":"agent"},"type":"log"}
{"timestamp":"2026-03-16T15:31:52.8734719Z","data":{"message":"Executable: test0","level":"info","component":"agent"},"type":"log"}
 [PASS]
>>> test-exit-handler.ps1
>>> test-git-manager.ps1
  TIMEOUT after 30s
>>> test-guardrails.ps1
  TIMEOUT after 30s
>>> test-initialization.ps1

=== Initialize-ExecutionState ===
  Testing: should create default state when file doesn't exist [PASS]
  Testing: should load valid state file [PASS]
  Testing: should handle empty state file [FAIL]
    Error: The term 'Emit-Log' is not recognized as the name of a cmdlet, function, script file, or operable program. Check the spelling of the name, or if a path was included, verify that the path is correct and try again.

=== Get-CurrentRequirement ===
  Testing: should find specific requirement by ID [FAIL]
    Error: The term 'Emit-Error' is not recognized as the name of a cmdlet, function, script file, or operable program. Check the spelling of the name, or if a path was included, verify that the path is correct and try again.
  Testing: should find first planned requirement [FAIL]
    Error: The term 'Emit-Error' is not recognized as the name of a cmdlet, function, script file, or operable program. Check the spelling of the name, or if a path was included, verify that the path is correct and try again.
  Testing: should return null for complete requirement [FAIL]
    Error: The term 'Emit-Error' is not recognized as the name of a cmdlet, function, script file, or operable program. Check the spelling of the name, or if a path was included, verify that the path is correct and try again.

=== Initialize-StateForRequirement ===
  Testing: should initialize validation_retry_count if missing [FAIL]
    Error: The term 'Emit-Log' is not recognized as the name of a cmdlet, function, script file, or operable program. Check the spelling of the name, or if a path was included, verify that the path is correct and try again.
  Testing: should reset state for new requirement [FAIL]
    Error: The term 'Emit-Log' is not recognized as the name of a cmdlet, function, script file, or operable program. Check the spelling of the name, or if a path was included, verify that the path is correct and try again.
  Testing: should not reset state for same requirement [PASS]

=== Initialize-PluginState ===
  Testing: should initialize plugin state variables [PASS]
>>> test-plugin-manager.ps1
